## S2 three wheel knobs through the colorWheels handles: one gesture and one undo entry each
> window org.kde.kdenlive keypad-generated
  (profile kdenlive for org.kde.kdenlive)
  [kdenlive] <- context serial 4 epoch 3 {"active":true,"activeMonitor":"project","colorWheel":{"axes":["value","r","g","b"],"enabled":true,"fineStep":0.001,"frame":30,"keyframed":true,"liveGrading":true,"max":1,"min":0,"name":"lift_r","step":0.01,"target":"1484bd5d-0f6a-499a-9355-ab2851968892","values":{"b":0.5,"g":0.5,"r":0.5},"wheel":"lift"},"colorWheels":[{"axes":["value","r","g","b"],"enabled":true,"fineStep":0.001,"frame":30,"keyframed":true,"liveGrading":true,"max":1,"min":0,"name":"lift_r","step":0.01,"target":"98211dee-a66e-4140-a4ab-366a2df8a447","values":{"b":0.5,"g":0.5,"r":0.5},"wheel":"lift"},{"axes":["value","r","g","b"],"enabled":true,"fineStep":0.001,"frame":30,"keyframed":true,"liveGrading":true,"max":2,"min":0,"name":"lift_r","step":0.01,"target":"febbfad8-7804-4417-a44c-91abbc55b49e","values":{"b":1,"g":1,"r":1},"wheel":"gamma"},{"axes":["value","r","g","b"],"enabled":true,"fineStep":0.001,"frame":30,"keyframed":true,"liveGrading":true,"max":4,"min":0,"name":"lift_r","step":0.01,"target":"a979632b-76f4-4911-a39f-014ba9d65fcd","values":{"b":1,"g":1,"r":1},"wheel":"gain"}],"dialog":false,"effect":{"id":"lift_gamma_gain","ownerId":5,"sequence":"58089865-109e-4a58-8e5c-3ee5a02513b3"},"epoch":3,"focus":"effectStack","fps":{"den":1,"num":30},"hoveredColorWheel":{"axes":["value","r","g","b"],"enabled":true,"fineStep":0.001,"frame":30,"keyframed":true,"liveGrading":true,"max":1,"min":0,"name":"lift_r","step":0.01,"target":"d69c69ca-6fca-48d4-8db9-3de6a63ce298","values":{"b":0.5,"g":0.5,"r":0.5},"wheel":"lift"},"playing":false,"position":0,"project":"58089865-109e-4a58-8e5c-3ee5a02513b3","ready":true,"sequence":"58089865-109e-4a58-8e5c-3ee5a02513b3","serial":4,"speed":0,"timeline":{"clipGain":{"clip":6,"policy":"single_keyframe_existing_effect","target":"78310a5f-9154-4728-b2ba-c77c35532c1b","unit":"dB"},"selection":{"clips":[6,5],"count":2},"track":{"audio":false,"hidden":false,"id":3,"locked":false,"muted":false,"name":"","sequence":"58089865-109e-4a58-8e5c-3ee5a02513b3","solo":false,"target":"63abefe7-2345-4e80-a14b-f5d48a9f1759","targeted":false},"trim":{"clip":5,"clips":[5,6],"modes":["resize"],"target":"03ce3e60-1fa9-4181-bffc-3f9a9de1a94e","tracks":[3,1]},"zoom":8},"tool":"select"}
  [kdenlive] attached to org.kde.kdenlive-3417682: 10 controls, 7 actions, 3 commands
> await available 8000
  EXPECT ok: interface available
> await ctx colorWheels true
  EXPECT ok: context colorWheels = true (now [{"axes":["value","r","g","b"],"enabled":true,"fineStep":0.001,"frame":30,"keyframed":true,"liveGrading":true,"max":1,"min":0,"name":"lift_r","step":0.01,"target":"98211dee-a66e-4140-a4ab-366a2df8a447","values":{"b":0.5,"g":0.5,"r":0.5},"wheel":"lift"},{"axes":["value","r","g","b"],"enabled":true,"fineStep":0.001,"frame":30,"keyframed":true,"liveGrading":true,"max":2,"min":0,"name":"lift_r","step":0.01,"target":"febbfad8-7804-4417-a44c-91abbc55b49e","values":{"b":1,"g":1,"r":1},"wheel":"gamma"},{"axes":["value","r","g","b"],"enabled":true,"fineStep":0.001,"frame":30,"keyframed":true,"liveGrading":true,"max":4,"min":0,"name":"lift_r","step":0.01,"target":"a979632b-76f4-4911-a39f-014ba9d65fcd","values":{"b":1,"g":1,"r":1},"wheel":"gain"}])
> print ctx colorWheels
  ctx colorWheels = [{"axes":["value","r","g","b"],"enabled":true,"fineStep":0.001,"frame":30,"keyframed":true,"liveGrading":true,"max":1,"min":0,"name":"lift_r","step":0.01,"target":"98211dee-a66e-4140-a4ab-366a2df8a447","values":{"b":0.5,"g":0.5,"r":0.5},"wheel":"lift"},{"axes":["value","r","g","b"],"enabled":true,"fineStep":0.001,"frame":30,"keyframed":true,"liveGrading":true,"max":2,"min":0,"name":"lift_r","step":0.01,"target":"febbfad8-7804-4417-a44c-91abbc55b49e","values":{"b":1,"g":1,"r":1},"wheel":"gamma"},{"axes":["value","r","g","b"],"enabled":true,"fineStep":0.001,"frame":30,"keyframed":true,"liveGrading":true,"max":4,"min":0,"name":"lift_r","step":0.01,"target":"a979632b-76f4-4911-a39f-014ba9d65fcd","values":{"b":1,"g":1,"r":1},"wheel":"gain"}]
> refusals clear
## knob1 = lift (value axis) +5 detents
> knob1 +5
  [kdenlive] -> Control colorwheel.nudge 1 seq 1 {"axis":"value","epoch":3,"gesture":"cs-3421633-1","phase":"update","session":"ee3ab0d9-15da-440e-81db-cba2cd6d5666","target":"98211dee-a66e-4140-a4ab-366a2df8a447","wheel":"lift"}
  [kdenlive] <- ControlAck seq 1 colorwheel.nudge {"ok":true,"result":{"axes":["value","r","g","b"],"changed":true,"enabled":true,"epoch":3,"fineStep":0.001,"firstSeq":1,"frame":30,"gesture":"cs-3421633-1","keyframed":true,"lastSeq":1,"liveGrading":true,"max":1,"min":0,"name":"lift_r","state":"applied","step":0.01,"target":"98211dee-a66e-4140-a4ab-366a2df8a447","values":{"b":0.5100025,"g":0.5100025,"r":0.5100025},"wheel":"lift"},"session":"ee3ab0d9-15da-440e-81db-cba2cd6d5666"}
  [kdenlive] -> Control colorwheel.nudge 4 seq 2 {"axis":"value","epoch":3,"gesture":"cs-3421633-1","phase":"update","session":"ee3ab0d9-15da-440e-81db-cba2cd6d5666","target":"98211dee-a66e-4140-a4ab-366a2df8a447","wheel":"lift"}
  [kdenlive] <- ControlAck seq 2 colorwheel.nudge {"ok":true,"result":{"axes":["value","r","g","b"],"changed":true,"enabled":true,"epoch":3,"fineStep":0.001,"firstSeq":2,"frame":30,"gesture":"cs-3421633-1","keyframed":true,"lastSeq":2,"liveGrading":true,"max":1,"min":0,"name":"lift_r","state":"applied","step":0.01,"target":"98211dee-a66e-4140-a4ab-366a2df8a447","values":{"b":0.549996,"g":0.549996,"r":0.549996},"wheel":"lift"},"session":"ee3ab0d9-15da-440e-81db-cba2cd6d5666"}
> wait 800
  [kdenlive] -> Control colorwheel.nudge 0 seq 3 {"axis":"value","epoch":3,"gesture":"cs-3421633-1","phase":"end","session":"ee3ab0d9-15da-440e-81db-cba2cd6d5666","target":"98211dee-a66e-4140-a4ab-366a2df8a447","wheel":"lift"}
  [kdenlive] <- ControlAck seq 3 colorwheel.nudge {"ok":true,"result":{"axes":["value","r","g","b"],"changed":false,"enabled":true,"epoch":3,"fineStep":0.001,"firstSeq":3,"frame":30,"gesture":"cs-3421633-1","keyframed":true,"lastSeq":3,"liveGrading":true,"max":1,"min":0,"name":"lift_r","state":"applied","step":0.01,"target":"98211dee-a66e-4140-a4ab-366a2df8a447","values":{"b":0.549996,"g":0.549996,"r":0.549996},"wheel":"lift"},"session":"ee3ab0d9-15da-440e-81db-cba2cd6d5666"}
## knob2 = gamma (value axis) -3 detents
> knob2 -3
  [kdenlive] -> Control colorwheel.nudge -1 seq 4 {"axis":"value","epoch":3,"gesture":"cs-3421633-2","phase":"update","session":"ee3ab0d9-15da-440e-81db-cba2cd6d5666","target":"febbfad8-7804-4417-a44c-91abbc55b49e","wheel":"gamma"}
  [kdenlive] <- ControlAck seq 4 colorwheel.nudge {"ok":true,"result":{"axes":["value","r","g","b"],"changed":true,"enabled":true,"epoch":3,"fineStep":0.001,"firstSeq":4,"frame":30,"gesture":"cs-3421633-2","keyframed":true,"lastSeq":4,"liveGrading":true,"max":2,"min":0,"name":"lift_r","state":"applied","step":0.01,"target":"febbfad8-7804-4417-a44c-91abbc55b49e","values":{"b":0.980026,"g":0.980026,"r":0.980026},"wheel":"gamma"},"session":"ee3ab0d9-15da-440e-81db-cba2cd6d5666"}
  [kdenlive] -> Control colorwheel.nudge -2 seq 5 {"axis":"value","epoch":3,"gesture":"cs-3421633-2","phase":"update","session":"ee3ab0d9-15da-440e-81db-cba2cd6d5666","target":"febbfad8-7804-4417-a44c-91abbc55b49e","wheel":"gamma"}
  [kdenlive] <- ControlAck seq 5 colorwheel.nudge {"ok":true,"result":{"axes":["value","r","g","b"],"changed":true,"enabled":true,"epoch":3,"fineStep":0.001,"firstSeq":5,"frame":30,"gesture":"cs-3421633-2","keyframed":true,"lastSeq":5,"liveGrading":true,"max":2,"min":0,"name":"lift_r","state":"applied","step":0.01,"target":"febbfad8-7804-4417-a44c-91abbc55b49e","values":{"b":0.940017,"g":0.940017,"r":0.940017},"wheel":"gamma"},"session":"ee3ab0d9-15da-440e-81db-cba2cd6d5666"}
> wait 800
  [kdenlive] -> Control colorwheel.nudge 0 seq 6 {"axis":"value","epoch":3,"gesture":"cs-3421633-2","phase":"end","session":"ee3ab0d9-15da-440e-81db-cba2cd6d5666","target":"febbfad8-7804-4417-a44c-91abbc55b49e","wheel":"gamma"}
  [kdenlive] <- ControlAck seq 6 colorwheel.nudge {"ok":true,"result":{"axes":["value","r","g","b"],"changed":false,"enabled":true,"epoch":3,"fineStep":0.001,"firstSeq":6,"frame":30,"gesture":"cs-3421633-2","keyframed":true,"lastSeq":6,"liveGrading":true,"max":2,"min":0,"name":"lift_r","state":"applied","step":0.01,"target":"febbfad8-7804-4417-a44c-91abbc55b49e","values":{"b":0.940017,"g":0.940017,"r":0.940017},"wheel":"gamma"},"session":"ee3ab0d9-15da-440e-81db-cba2cd6d5666"}
## knob3 = gain (value axis) +4 detents
> knob3 +4
  [kdenlive] -> Control colorwheel.nudge 1 seq 7 {"axis":"value","epoch":3,"gesture":"cs-3421633-3","phase":"update","session":"ee3ab0d9-15da-440e-81db-cba2cd6d5666","target":"a979632b-76f4-4911-a39f-014ba9d65fcd","wheel":"gain"}
  [kdenlive] <- ControlAck seq 7 colorwheel.nudge {"ok":true,"result":{"axes":["value","r","g","b"],"changed":true,"enabled":true,"epoch":3,"fineStep":0.001,"firstSeq":7,"frame":30,"gesture":"cs-3421633-3","keyframed":true,"lastSeq":7,"liveGrading":true,"max":4,"min":0,"name":"lift_r","state":"applied","step":0.01,"target":"a979632b-76f4-4911-a39f-014ba9d65fcd","values":{"b":1.039994,"g":1.039994,"r":1.039994},"wheel":"gain"},"session":"ee3ab0d9-15da-440e-81db-cba2cd6d5666"}
  [kdenlive] -> Control colorwheel.nudge 3 seq 8 {"axis":"value","epoch":3,"gesture":"cs-3421633-3","phase":"update","session":"ee3ab0d9-15da-440e-81db-cba2cd6d5666","target":"a979632b-76f4-4911-a39f-014ba9d65fcd","wheel":"gain"}
  [kdenlive] <- ControlAck seq 8 colorwheel.nudge {"ok":true,"result":{"axes":["value","r","g","b"],"changed":true,"enabled":true,"epoch":3,"fineStep":0.001,"firstSeq":8,"frame":30,"gesture":"cs-3421633-3","keyframed":true,"lastSeq":8,"liveGrading":true,"max":4,"min":0,"name":"lift_r","state":"applied","step":0.01,"target":"a979632b-76f4-4911-a39f-014ba9d65fcd","values":{"b":1.159991,"g":1.159991,"r":1.159991},"wheel":"gain"},"session":"ee3ab0d9-15da-440e-81db-cba2cd6d5666"}
> wait 900
  [kdenlive] -> Control colorwheel.nudge 0 seq 9 {"axis":"value","epoch":3,"gesture":"cs-3421633-3","phase":"end","session":"ee3ab0d9-15da-440e-81db-cba2cd6d5666","target":"a979632b-76f4-4911-a39f-014ba9d65fcd","wheel":"gain"}
  [kdenlive] <- ControlAck seq 9 colorwheel.nudge {"ok":true,"result":{"axes":["value","r","g","b"],"changed":false,"enabled":true,"epoch":3,"fineStep":0.001,"firstSeq":9,"frame":30,"gesture":"cs-3421633-3","keyframed":true,"lastSeq":9,"liveGrading":true,"max":4,"min":0,"name":"lift_r","state":"applied","step":0.01,"target":"a979632b-76f4-4911-a39f-014ba9d65fcd","values":{"b":1.159991,"g":1.159991,"r":1.159991},"wheel":"gain"},"session":"ee3ab0d9-15da-440e-81db-cba2cd6d5666"}
> expect no-refusal
  EXPECT ok: no refusal (none)
> expect no-keys
  EXPECT ok: no keyboard fallback (taps: none)
> print ctx colorWheels
  ctx colorWheels = [{"axes":["value","r","g","b"],"enabled":true,"fineStep":0.001,"frame":30,"keyframed":true,"liveGrading":true,"max":1,"min":0,"name":"lift_r","step":0.01,"target":"98211dee-a66e-4140-a4ab-366a2df8a447","values":{"b":0.549996,"g":0.549996,"r":0.549996},"wheel":"lift"},{"axes":["value","r","g","b"],"enabled":true,"fineStep":0.001,"frame":30,"keyframed":true,"liveGrading":true,"max":2,"min":0,"name":"lift_r","step":0.01,"target":"febbfad8-7804-4417-a44c-91abbc55b49e","values":{"b":0.940017,"g":0.940017,"r":0.940017},"wheel":"gamma"},{"axes":["value","r","g","b"],"enabled":true,"fineStep":0.001,"frame":30,"keyframed":true,"liveGrading":true,"max":4,"min":0,"name":"lift_r","step":0.01,"target":"a979632b-76f4-4911-a39f-014ba9d65fcd","values":{"b":1.159991,"g":1.159991,"r":1.159991},"wheel":"gain"}]
> print ctx epoch
  ctx epoch = 3
