## S3b live grading while playing: single-key value edits are allowed; explicit key creation refuses with busy
> window org.kde.kdenlive keypad-generated
  (profile kdenlive for org.kde.kdenlive)
  [kdenlive] <- context serial 24 epoch 5 {"active":true,"activeMonitor":"project","dialog":false,"effect":{"id":"brightness","ownerId":5,"sequence":"58089865-109e-4a58-8e5c-3ee5a02513b3"},"epoch":5,"focus":"effectStack","fps":{"den":1,"num":30},"param":{"enabled":true,"fineStep":1,"frame":42,"keyframed":true,"liveGrading":true,"max":400,"min":0,"name":"level","step":1,"target":"7441cf22-76f3-4ab8-8552-c1ce2b34ee65","type":"number","unit":"","value":105},"playing":true,"position":42,"project":"58089865-109e-4a58-8e5c-3ee5a02513b3","ready":true,"sequence":"58089865-109e-4a58-8e5c-3ee5a02513b3","serial":24,"speed":1,"timeline":{"clipGain":{"clip":6,"policy":"single_keyframe_existing_effect","target":"78310a5f-9154-4728-b2ba-c77c35532c1b","unit":"dB"},"selection":{"clips":[6,5],"count":2},"track":{"audio":false,"hidden":false,"id":3,"locked":false,"muted":false,"name":"","sequence":"58089865-109e-4a58-8e5c-3ee5a02513b3","solo":false,"target":"63abefe7-2345-4e80-a14b-f5d48a9f1759","targeted":false},"trim":{"clip":5,"clips":[5,6],"modes":["resize"],"target":"03ce3e60-1fa9-4181-bffc-3f9a9de1a94e","tracks":[3,1]},"zoom":8},"tool":"select"}
  [kdenlive] attached to org.kde.kdenlive-3417682: 10 controls, 7 actions, 3 commands
> await available 8000
  EXPECT ok: interface available
> await ctx playing true 4000
  EXPECT ok: context playing = true (now true)
> await ctx param.name level
  EXPECT ok: context param.name = level (now "level")
> print ctx param
  ctx param = {"enabled":true,"fineStep":1,"frame":42,"keyframed":true,"liveGrading":true,"max":400,"min":0,"name":"level","step":1,"target":"7441cf22-76f3-4ab8-8552-c1ce2b34ee65","type":"number","unit":"","value":105}
> print ctx position
  ctx position = 42
> refusals clear
## nudge +3 while playing (constant / single-key: live grading)
> knob1 +3
  [kdenlive] -> Control param.nudge 1 seq 1 {"epoch":5,"gesture":"cs-3426601-1","keyframe":"existing","phase":"update","session":"5b358d4e-7e22-4bb4-bfd3-53c19cac675e","step":"normal","target":"7441cf22-76f3-4ab8-8552-c1ce2b34ee65"}
  [kdenlive] <- ControlAck seq 1 param.nudge {"ok":true,"result":{"changed":true,"enabled":true,"epoch":5,"fineStep":1,"firstSeq":1,"frame":30,"gesture":"cs-3426601-1","keyframed":true,"lastSeq":1,"liveGrading":true,"max":400,"min":0,"name":"level","state":"applied","step":1,"target":"7441cf22-76f3-4ab8-8552-c1ce2b34ee65","type":"number","unit":"","value":106},"session":"5b358d4e-7e22-4bb4-bfd3-53c19cac675e"}
  [kdenlive] -> Control param.nudge 2 seq 2 {"epoch":5,"gesture":"cs-3426601-1","keyframe":"existing","phase":"update","session":"5b358d4e-7e22-4bb4-bfd3-53c19cac675e","step":"normal","target":"7441cf22-76f3-4ab8-8552-c1ce2b34ee65"}
  [kdenlive] <- ControlAck seq 2 param.nudge {"ok":true,"result":{"changed":true,"enabled":true,"epoch":5,"fineStep":1,"firstSeq":2,"frame":30,"gesture":"cs-3426601-1","keyframed":true,"lastSeq":2,"liveGrading":true,"max":400,"min":0,"name":"level","state":"applied","step":1,"target":"7441cf22-76f3-4ab8-8552-c1ce2b34ee65","type":"number","unit":"","value":108},"session":"5b358d4e-7e22-4bb4-bfd3-53c19cac675e"}
> wait 800
  [kdenlive] -> Control param.nudge 0 seq 3 {"epoch":5,"gesture":"cs-3426601-1","keyframe":"existing","phase":"end","session":"5b358d4e-7e22-4bb4-bfd3-53c19cac675e","step":"normal","target":"7441cf22-76f3-4ab8-8552-c1ce2b34ee65"}
  [kdenlive] <- ControlAck seq 3 param.nudge {"ok":true,"result":{"changed":false,"enabled":true,"epoch":5,"fineStep":1,"firstSeq":3,"frame":30,"gesture":"cs-3426601-1","keyframed":true,"lastSeq":3,"liveGrading":true,"max":400,"min":0,"name":"level","state":"applied","step":1,"target":"7441cf22-76f3-4ab8-8552-c1ce2b34ee65","type":"number","unit":"","value":108},"session":"5b358d4e-7e22-4bb4-bfd3-53c19cac675e"}
> await ctx param.value 108
  EXPECT ok: context param.value = 108 (now 108)
> expect no-refusal
  EXPECT ok: no refusal (none)
## key11 = paramKey -> create; creating a key while playing must refuse
> key11
  (Keyframe: create)
  [kdenlive] -> Notify "Keyframe: create"
> knob1 +1
  [kdenlive] -> Control param.nudge 1 seq 4 {"epoch":5,"gesture":"cs-3426601-2","keyframe":"create","phase":"update","session":"5b358d4e-7e22-4bb4-bfd3-53c19cac675e","step":"normal","target":"7441cf22-76f3-4ab8-8552-c1ce2b34ee65"}
  [kdenlive] <- ControlAck seq 4 param.nudge {"error":{"code":"busy","field":"","message":"Stop playback to edit or create animated keys; live grading updates constant parameters only."},"ok":false,"session":"5b358d4e-7e22-4bb4-bfd3-53c19cac675e"}
  (Kdenlive refused param.nudge: busy (Stop playback to edit or create animated keys; live grading updates constant parameters only.))
> expect refused busy 3000
  EXPECT ok: a refusal with busy
> wait 700
  [kdenlive] -> Control param.nudge 0 seq 5 {"epoch":5,"gesture":"cs-3426601-2","keyframe":"create","phase":"end","session":"5b358d4e-7e22-4bb4-bfd3-53c19cac675e","step":"normal","target":"7441cf22-76f3-4ab8-8552-c1ce2b34ee65"}
  [kdenlive] <- ControlAck seq 5 param.nudge {"error":{"code":"busy","field":"","message":"Stop playback to edit or create animated keys; live grading updates constant parameters only."},"ok":false,"session":"5b358d4e-7e22-4bb4-bfd3-53c19cac675e"}
> await ctx param.value 108
  EXPECT ok: context param.value = 108 (now 108)
> expect no-keys
  EXPECT ok: no keyboard fallback (taps: none)
> print ctx playing
  ctx playing = true
> print ctx position
  ctx position = 91
