## S4c (rerun) track mixer gain through timeline.track.gain.target on the active audio track
> window org.kde.kdenlive keypad-generated
  (profile kdenlive for org.kde.kdenlive)
  [kdenlive] <- context serial 157 epoch 19 {"active":true,"activeMonitor":"project","dialog":false,"epoch":19,"focus":"timeline","fps":{"den":1,"num":30},"playing":false,"position":1661,"project":"58089865-109e-4a58-8e5c-3ee5a02513b3","ready":true,"sequence":"58089865-109e-4a58-8e5c-3ee5a02513b3","serial":157,"speed":0,"timeline":{"selection":{"clips":[],"count":0},"track":{"audio":true,"gain":{"enabled":true,"max":24,"min":-50,"target":"d0162768-6b53-4462-94ca-25b51183a439","value":0},"hidden":false,"id":1,"locked":false,"muted":false,"name":"","sequence":"58089865-109e-4a58-8e5c-3ee5a02513b3","solo":false,"target":"d0162768-6b53-4462-94ca-25b51183a439","targeted":false},"zoom":8},"tool":"select"}
  [kdenlive] attached to org.kde.kdenlive-3417682: 10 controls, 7 actions, 3 commands
> await available 8000
  EXPECT ok: interface available
> key13
  (Page: timeline)
  [kdenlive] -> Notify "Page: timeline"
> await ctx timeline.selection.count 0
  EXPECT ok: context timeline.selection.count = 0 (now 0)
> await ctx timeline.track.id 1
  EXPECT ok: context timeline.track.id = 1 (now 1)
> await ctx timeline.track.gain.enabled true
  EXPECT ok: context timeline.track.gain.enabled = true (now true)
> print ctx timeline.track.gain
  ctx timeline.track.gain = {"enabled":true,"max":24,"min":-50,"target":"d0162768-6b53-4462-94ca-25b51183a439","value":0}
> refusals clear
> knob3 +5
  [kdenlive] -> Control audio.gain 1 seq 1 {"epoch":19,"gesture":"cs-3433039-1","phase":"update","session":"8cffbc02-5543-4a5f-aa08-42b8e41ca500","target":"d0162768-6b53-4462-94ca-25b51183a439"}
  [kdenlive] <- ControlAck seq 1 audio.gain {"ok":true,"result":{"changed":true,"epoch":19,"firstSeq":1,"gainDb":0.1,"gesture":"cs-3433039-1","lastSeq":1,"state":"applied","target":"d0162768-6b53-4462-94ca-25b51183a439"},"session":"8cffbc02-5543-4a5f-aa08-42b8e41ca500"}
  [kdenlive] -> Control audio.gain 4 seq 2 {"epoch":19,"gesture":"cs-3433039-1","phase":"update","session":"8cffbc02-5543-4a5f-aa08-42b8e41ca500","target":"d0162768-6b53-4462-94ca-25b51183a439"}
  [kdenlive] <- ControlAck seq 2 audio.gain {"ok":true,"result":{"changed":true,"epoch":19,"firstSeq":2,"gainDb":0.5,"gesture":"cs-3433039-1","lastSeq":2,"state":"applied","target":"d0162768-6b53-4462-94ca-25b51183a439"},"session":"8cffbc02-5543-4a5f-aa08-42b8e41ca500"}
> wait 800
  [kdenlive] -> Control audio.gain 0 seq 3 {"epoch":19,"gesture":"cs-3433039-1","phase":"end","session":"8cffbc02-5543-4a5f-aa08-42b8e41ca500","target":"d0162768-6b53-4462-94ca-25b51183a439"}
  [kdenlive] <- ControlAck seq 3 audio.gain {"ok":true,"result":{"changed":false,"epoch":19,"firstSeq":3,"gesture":"cs-3433039-1","lastSeq":3,"state":"applied","target":"d0162768-6b53-4462-94ca-25b51183a439"},"session":"8cffbc02-5543-4a5f-aa08-42b8e41ca500"}
> expect no-refusal
  EXPECT ok: no refusal (none)
> print ctx timeline.track.gain
  ctx timeline.track.gain = {"enabled":true,"max":24,"min":-50,"target":"d0162768-6b53-4462-94ca-25b51183a439","value":0.5}
> expect no-keys
  EXPECT ok: no keyboard fallback (taps: none)
