## S4d (daemon fix 04de9b70) quick multi-detent track navigation: every step lands, none is refused as stale
> window org.kde.kdenlive keypad-generated
  (profile kdenlive for org.kde.kdenlive)
  [kdenlive] <- context serial 182 epoch 24 {"active":true,"activeMonitor":"project","dialog":false,"epoch":24,"focus":"timeline","fps":{"den":1,"num":30},"playing":false,"position":120,"project":"58089865-109e-4a58-8e5c-3ee5a02513b3","ready":true,"sequence":"58089865-109e-4a58-8e5c-3ee5a02513b3","serial":182,"speed":0,"timeline":{"clipGain":{"clip":6,"policy":"single_keyframe_existing_effect","target":"78310a5f-9154-4728-b2ba-c77c35532c1b","unit":"dB"},"selection":{"clips":[6,5],"count":2},"track":{"audio":false,"hidden":false,"id":3,"locked":false,"muted":false,"name":"","sequence":"58089865-109e-4a58-8e5c-3ee5a02513b3","solo":false,"target":"63abefe7-2345-4e80-a14b-f5d48a9f1759","targeted":false},"trim":{"clip":5,"clips":[5,6],"modes":["resize"],"target":"03ce3e60-1fa9-4181-bffc-3f9a9de1a94e","tracks":[3,1]},"zoom":8},"tool":"select"}
  [kdenlive] attached to org.kde.kdenlive-3417682: 10 controls, 7 actions, 3 commands
> await available 8000
  EXPECT ok: interface available
> key13
  (Page: timeline)
  [kdenlive] -> Notify "Page: timeline"
> await ctx timeline.track.id 1
  EXPECT FAIL: context timeline.track.id = 1 (now 3)
> refusals clear
## three quick detents up: A2 -> A1 -> V1 -> V2
> knob1 +3
  [kdenlive] -> Control timeline.track 1 seq 1 {"epoch":24,"session":"31a896c1-99c9-4f8d-8a6d-82e096f8cece"}
  [kdenlive] <- ControlAck seq 1 timeline.track {"ok":true,"result":{"changed":true,"epoch":24,"firstSeq":1,"gesture":"","lastSeq":1,"state":"applied","target":"","track":4},"session":"31a896c1-99c9-4f8d-8a6d-82e096f8cece"}
> await ctx timeline.track.id 4 3000
  [kdenlive] <- context serial 184 epoch 25 {"active":true,"activeMonitor":"project","dialog":false,"emittedAtMs":1200108,"epoch":25,"focus":"timeline","fps":{"den":1,"num":30},"playing":false,"position":120,"project":"58089865-109e-4a58-8e5c-3ee5a02513b3","ready":true,"sequence":"58089865-109e-4a58-8e5c-3ee5a02513b3","serial":184,"speed":0,"timeline":{"clipGain":{"clip":6,"policy":"single_keyframe_existing_effect","target":"78310a5f-9154-4728-b2ba-c77c35532c1b","unit":"dB"},"selection":{"clips":[6,5],"count":2},"track":{"audio":false,"hidden":false,"id":4,"locked":false,"muted":false,"name":"","sequence":"58089865-109e-4a58-8e5c-3ee5a02513b3","solo":false,"target":"7610e2b2-c529-4b1e-b2bb-dc353d32182c","targeted":false},"trim":{"clip":5,"clips":[5,6],"modes":["resize"],"target":"03ce3e60-1fa9-4181-bffc-3f9a9de1a94e","tracks":[3,1]},"zoom":8},"tool":"select"}
  [kdenlive] -> Control timeline.track 2 seq 2 {"epoch":25,"session":"31a896c1-99c9-4f8d-8a6d-82e096f8cece"}
  [kdenlive] <- ControlAck seq 2 timeline.track {"ok":true,"result":{"changed":false,"epoch":25,"firstSeq":2,"gesture":"","lastSeq":2,"state":"applied","target":"","track":4},"session":"31a896c1-99c9-4f8d-8a6d-82e096f8cece"}
  EXPECT ok: context timeline.track.id = 4 (now 4)
> wait 300
## and three back down
> knob1 -3
  [kdenlive] -> Control timeline.track -1 seq 3 {"epoch":25,"session":"31a896c1-99c9-4f8d-8a6d-82e096f8cece"}
  [kdenlive] <- ControlAck seq 3 timeline.track {"ok":true,"result":{"changed":true,"epoch":25,"firstSeq":3,"gesture":"","lastSeq":3,"state":"applied","target":"","track":3},"session":"31a896c1-99c9-4f8d-8a6d-82e096f8cece"}
  [kdenlive] <- context serial 185 epoch 26 {"active":true,"activeMonitor":"project","dialog":false,"emittedAtMs":1200447,"epoch":26,"focus":"timeline","fps":{"den":1,"num":30},"playing":false,"position":120,"project":"58089865-109e-4a58-8e5c-3ee5a02513b3","ready":true,"sequence":"58089865-109e-4a58-8e5c-3ee5a02513b3","serial":185,"speed":0,"timeline":{"clipGain":{"clip":6,"policy":"single_keyframe_existing_effect","target":"78310a5f-9154-4728-b2ba-c77c35532c1b","unit":"dB"},"selection":{"clips":[6,5],"count":2},"track":{"audio":false,"hidden":false,"id":3,"locked":false,"muted":false,"name":"","sequence":"58089865-109e-4a58-8e5c-3ee5a02513b3","solo":false,"target":"63abefe7-2345-4e80-a14b-f5d48a9f1759","targeted":false},"trim":{"clip":5,"clips":[5,6],"modes":["resize"],"target":"03ce3e60-1fa9-4181-bffc-3f9a9de1a94e","tracks":[3,1]},"zoom":8},"tool":"select"}
  [kdenlive] -> Control timeline.track -2 seq 4 {"epoch":26,"session":"31a896c1-99c9-4f8d-8a6d-82e096f8cece"}
  [kdenlive] <- ControlAck seq 4 timeline.track {"ok":true,"result":{"changed":true,"epoch":26,"firstSeq":4,"gesture":"","lastSeq":4,"state":"applied","target":"","track":1},"session":"31a896c1-99c9-4f8d-8a6d-82e096f8cece"}
> await ctx timeline.track.id 1 3000
  [kdenlive] <- context serial 186 epoch 27 {"active":true,"activeMonitor":"project","dialog":false,"emittedAtMs":1200491,"epoch":27,"focus":"timeline","fps":{"den":1,"num":30},"playing":false,"position":120,"project":"58089865-109e-4a58-8e5c-3ee5a02513b3","ready":true,"sequence":"58089865-109e-4a58-8e5c-3ee5a02513b3","serial":186,"speed":0,"timeline":{"clipGain":{"clip":6,"policy":"single_keyframe_existing_effect","target":"78310a5f-9154-4728-b2ba-c77c35532c1b","unit":"dB"},"selection":{"clips":[6,5],"count":2},"track":{"audio":true,"gain":{"enabled":true,"max":24,"min":-50,"target":"d0162768-6b53-4462-94ca-25b51183a439","value":0.5},"hidden":false,"id":1,"locked":false,"muted":false,"name":"","sequence":"58089865-109e-4a58-8e5c-3ee5a02513b3","solo":false,"target":"d0162768-6b53-4462-94ca-25b51183a439","targeted":false},"trim":{"clip":5,"clips":[5,6],"modes":["resize"],"target":"03ce3e60-1fa9-4181-bffc-3f9a9de1a94e","tracks":[3,1]},"zoom":8},"tool":"select"}
  EXPECT ok: context timeline.track.id = 1 (now 1)
> expect no-refusal
  EXPECT ok: no refusal (none)
> expect no-keys
  EXPECT ok: no keyboard fallback (taps: none)
1 expectation(s) failed
