## S5c a locked track in the declared trim scope refuses without a partial edit (key3 = lock toggle)
> window org.kde.kdenlive keypad-generated
  (profile kdenlive for org.kde.kdenlive)
  [kdenlive] <- context serial 166 epoch 20 {"active":true,"activeMonitor":"project","dialog":false,"epoch":20,"focus":"timeline","fps":{"den":1,"num":30},"playing":false,"position":120,"project":"58089865-109e-4a58-8e5c-3ee5a02513b3","ready":true,"sequence":"58089865-109e-4a58-8e5c-3ee5a02513b3","serial":166,"speed":0,"timeline":{"clipGain":{"clip":6,"policy":"single_keyframe_existing_effect","target":"78310a5f-9154-4728-b2ba-c77c35532c1b","unit":"dB"},"selection":{"clips":[6,5],"count":2},"track":{"audio":false,"hidden":false,"id":3,"locked":false,"muted":false,"name":"","sequence":"58089865-109e-4a58-8e5c-3ee5a02513b3","solo":false,"target":"63abefe7-2345-4e80-a14b-f5d48a9f1759","targeted":false},"trim":{"clip":5,"clips":[5,6],"modes":["resize"],"target":"03ce3e60-1fa9-4181-bffc-3f9a9de1a94e","tracks":[3,1]},"zoom":8},"tool":"select"}
  [kdenlive] attached to org.kde.kdenlive-3417682: 10 controls, 7 actions, 3 commands
> await available 8000
  EXPECT ok: interface available
> key13
  (Page: timeline)
  [kdenlive] -> Notify "Page: timeline"
> await ctx timeline.trim.clip 5
  EXPECT ok: context timeline.trim.clip = 5 (now 5)
> await ctx timeline.track.id 3
  EXPECT ok: context timeline.track.id = 3 (now 3)
> key3
  [kdenlive] -> Invoke track.set {"epoch":20,"session":"23422e02-64f2-49df-bd92-487fe6599ec0","target":"63abefe7-2345-4e80-a14b-f5d48a9f1759","value":true,"what":"lock"}
  [kdenlive] <= Invoke track.set {"ok":true,"result":{"audio":false,"changed":true,"hidden":false,"id":3,"locked":true,"muted":false,"name":"","sequence":"58089865-109e-4a58-8e5c-3ee5a02513b3","solo":false,"state":"applied","targeted":false}}
> await ctx timeline.track.locked true
  EXPECT ok: context timeline.track.locked = true (now true)
> refusals clear
> knob2 +3
  [kdenlive] -> Control edit.trim 1 seq 1 {"edge":"end","epoch":20,"gesture":"cs-3434945-1","mode":"resize","phase":"update","session":"23422e02-64f2-49df-bd92-487fe6599ec0","target":"03ce3e60-1fa9-4181-bffc-3f9a9de1a94e"}
  [kdenlive] <- ControlAck seq 1 edit.trim {"error":{"code":"track_locked","field":"","message":"A declared track is locked."},"ok":false,"session":"23422e02-64f2-49df-bd92-487fe6599ec0"}
  (Kdenlive refused edit.trim: track_locked (A declared track is locked.))
  [kdenlive] -> Control edit.trim 2 seq 2 {"edge":"end","epoch":20,"gesture":"cs-3434945-1","mode":"resize","phase":"update","session":"23422e02-64f2-49df-bd92-487fe6599ec0","target":"03ce3e60-1fa9-4181-bffc-3f9a9de1a94e"}
  [kdenlive] <- ControlAck seq 2 edit.trim {"error":{"code":"track_locked","field":"","message":"A declared track is locked."},"ok":false,"session":"23422e02-64f2-49df-bd92-487fe6599ec0"}
> expect refused track_locked 3000
  EXPECT ok: a refusal with track_locked
> wait 700
  [kdenlive] -> Control edit.trim 0 seq 3 {"edge":"end","epoch":20,"gesture":"cs-3434945-1","mode":"resize","phase":"end","session":"23422e02-64f2-49df-bd92-487fe6599ec0","target":"03ce3e60-1fa9-4181-bffc-3f9a9de1a94e"}
  [kdenlive] <- ControlAck seq 3 edit.trim {"error":{"code":"track_locked","field":"","message":"A declared track is locked."},"ok":false,"session":"23422e02-64f2-49df-bd92-487fe6599ec0"}
> key3
  [kdenlive] -> Invoke track.set {"epoch":20,"session":"23422e02-64f2-49df-bd92-487fe6599ec0","target":"63abefe7-2345-4e80-a14b-f5d48a9f1759","value":false,"what":"lock"}
  [kdenlive] <= Invoke track.set {"ok":true,"result":{"audio":false,"changed":true,"hidden":false,"id":3,"locked":false,"muted":false,"name":"","sequence":"58089865-109e-4a58-8e5c-3ee5a02513b3","solo":false,"state":"applied","targeted":false}}
> await ctx timeline.track.locked false
  EXPECT ok: context timeline.track.locked = false (now false)
> expect no-keys
  EXPECT ok: no keyboard fallback (taps: none)
