## S6c forged acks from a foreign sender while a gesture runs: never accepted, never release or complete anything
> window org.kde.kdenlive keypad-generated
  (profile kdenlive for org.kde.kdenlive)
  [kdenlive] <- context serial 180 epoch 24 {"active":true,"activeMonitor":"project","dialog":false,"epoch":24,"focus":"timeline","fps":{"den":1,"num":30},"playing":false,"position":120,"project":"58089865-109e-4a58-8e5c-3ee5a02513b3","ready":true,"sequence":"58089865-109e-4a58-8e5c-3ee5a02513b3","serial":180,"speed":0,"timeline":{"clipGain":{"clip":6,"policy":"single_keyframe_existing_effect","target":"78310a5f-9154-4728-b2ba-c77c35532c1b","unit":"dB"},"selection":{"clips":[6,5],"count":2},"track":{"audio":false,"hidden":false,"id":3,"locked":false,"muted":false,"name":"","sequence":"58089865-109e-4a58-8e5c-3ee5a02513b3","solo":false,"target":"63abefe7-2345-4e80-a14b-f5d48a9f1759","targeted":false},"trim":{"clip":5,"clips":[5,6],"modes":["resize"],"target":"03ce3e60-1fa9-4181-bffc-3f9a9de1a94e","tracks":[3,1]},"zoom":8},"tool":"select"}
  [kdenlive] attached to org.kde.kdenlive-3417682: 10 controls, 7 actions, 3 commands
> await available 8000
  EXPECT ok: interface available
> key13
  (Page: timeline)
  [kdenlive] -> Notify "Page: timeline"
> await ctx timeline.clipGain.clip 6
  EXPECT ok: context timeline.clipGain.clip = 6 (now 6)
> refusals clear
> knob3 +1
  [kdenlive] -> Control audio.gain 1 seq 1 {"epoch":24,"gesture":"cs-3439131-1","phase":"update","session":"c7d06e5f-b1bb-4951-b2f5-518388d466f6","target":"78310a5f-9154-4728-b2ba-c77c35532c1b"}
  [kdenlive] <- ControlAck seq 1 audio.gain {"ok":true,"result":{"changed":true,"epoch":24,"firstSeq":1,"gainDb":1.2,"gesture":"cs-3439131-1","lastSeq":1,"state":"applied","target":"78310a5f-9154-4728-b2ba-c77c35532c1b"},"session":"c7d06e5f-b1bb-4951-b2f5-518388d466f6"}
> wait 300
> knob3 +1
  [kdenlive] -> Control audio.gain 1 seq 2 {"epoch":24,"gesture":"cs-3439131-1","phase":"update","session":"c7d06e5f-b1bb-4951-b2f5-518388d466f6","target":"78310a5f-9154-4728-b2ba-c77c35532c1b"}
  [kdenlive] <- ControlAck seq 2 audio.gain {"ok":true,"result":{"changed":true,"epoch":24,"firstSeq":2,"gainDb":1.3,"gesture":"cs-3439131-1","lastSeq":2,"state":"applied","target":"78310a5f-9154-4728-b2ba-c77c35532c1b"},"session":"c7d06e5f-b1bb-4951-b2f5-518388d466f6"}
> wait 300
> knob3 +1
  [kdenlive] -> Control audio.gain 1 seq 3 {"epoch":24,"gesture":"cs-3439131-1","phase":"update","session":"c7d06e5f-b1bb-4951-b2f5-518388d466f6","target":"78310a5f-9154-4728-b2ba-c77c35532c1b"}
  [kdenlive] <- ControlAck seq 3 audio.gain {"ok":true,"result":{"changed":true,"epoch":24,"firstSeq":3,"gainDb":1.4000000000000001,"gesture":"cs-3439131-1","lastSeq":3,"state":"applied","target":"78310a5f-9154-4728-b2ba-c77c35532c1b"},"session":"c7d06e5f-b1bb-4951-b2f5-518388d466f6"}
> wait 300
> knob3 +1
  [kdenlive] -> Control audio.gain 1 seq 4 {"epoch":24,"gesture":"cs-3439131-1","phase":"update","session":"c7d06e5f-b1bb-4951-b2f5-518388d466f6","target":"78310a5f-9154-4728-b2ba-c77c35532c1b"}
  [kdenlive] <- ControlAck seq 4 audio.gain {"ok":true,"result":{"changed":true,"epoch":24,"firstSeq":4,"gainDb":1.5000000000000002,"gesture":"cs-3439131-1","lastSeq":4,"state":"applied","target":"78310a5f-9154-4728-b2ba-c77c35532c1b"},"session":"c7d06e5f-b1bb-4951-b2f5-518388d466f6"}
> wait 300
> knob3 +1
  [kdenlive] -> Control audio.gain 1 seq 5 {"epoch":24,"gesture":"cs-3439131-1","phase":"update","session":"c7d06e5f-b1bb-4951-b2f5-518388d466f6","target":"78310a5f-9154-4728-b2ba-c77c35532c1b"}
  [kdenlive] <- ControlAck seq 5 audio.gain {"ok":true,"result":{"changed":true,"epoch":24,"firstSeq":5,"gainDb":1.6000000000000003,"gesture":"cs-3439131-1","lastSeq":5,"state":"applied","target":"78310a5f-9154-4728-b2ba-c77c35532c1b"},"session":"c7d06e5f-b1bb-4951-b2f5-518388d466f6"}
> wait 300
> knob3 +1
  [kdenlive] -> Control audio.gain 1 seq 6 {"epoch":24,"gesture":"cs-3439131-1","phase":"update","session":"c7d06e5f-b1bb-4951-b2f5-518388d466f6","target":"78310a5f-9154-4728-b2ba-c77c35532c1b"}
  [kdenlive] <- ControlAck seq 6 audio.gain {"ok":true,"result":{"changed":true,"epoch":24,"firstSeq":6,"gainDb":1.7000000000000004,"gesture":"cs-3439131-1","lastSeq":6,"state":"applied","target":"78310a5f-9154-4728-b2ba-c77c35532c1b"},"session":"c7d06e5f-b1bb-4951-b2f5-518388d466f6"}
> wait 300
> knob3 +1
  [kdenlive] -> Control audio.gain 1 seq 7 {"epoch":24,"gesture":"cs-3439131-1","phase":"update","session":"c7d06e5f-b1bb-4951-b2f5-518388d466f6","target":"78310a5f-9154-4728-b2ba-c77c35532c1b"}
  [kdenlive] <- ControlAck seq 7 audio.gain {"ok":true,"result":{"changed":true,"epoch":24,"firstSeq":7,"gainDb":1.8000000000000005,"gesture":"cs-3439131-1","lastSeq":7,"state":"applied","target":"78310a5f-9154-4728-b2ba-c77c35532c1b"},"session":"c7d06e5f-b1bb-4951-b2f5-518388d466f6"}
> wait 300
> knob3 +1
  [kdenlive] -> Control audio.gain 1 seq 8 {"epoch":24,"gesture":"cs-3439131-1","phase":"update","session":"c7d06e5f-b1bb-4951-b2f5-518388d466f6","target":"78310a5f-9154-4728-b2ba-c77c35532c1b"}
  [kdenlive] <- ControlAck seq 8 audio.gain {"ok":true,"result":{"changed":true,"epoch":24,"firstSeq":8,"gainDb":1.9000000000000006,"gesture":"cs-3439131-1","lastSeq":8,"state":"applied","target":"78310a5f-9154-4728-b2ba-c77c35532c1b"},"session":"c7d06e5f-b1bb-4951-b2f5-518388d466f6"}
> wait 300
> knob3 +1
  [kdenlive] -> Control audio.gain 1 seq 9 {"epoch":24,"gesture":"cs-3439131-1","phase":"update","session":"c7d06e5f-b1bb-4951-b2f5-518388d466f6","target":"78310a5f-9154-4728-b2ba-c77c35532c1b"}
  [kdenlive] <- ControlAck seq 9 audio.gain {"ok":true,"result":{"changed":true,"epoch":24,"firstSeq":9,"gainDb":2.0000000000000004,"gesture":"cs-3439131-1","lastSeq":9,"state":"applied","target":"78310a5f-9154-4728-b2ba-c77c35532c1b"},"session":"c7d06e5f-b1bb-4951-b2f5-518388d466f6"}
> wait 300
> knob3 +1
  [kdenlive] -> Control audio.gain 1 seq 10 {"epoch":24,"gesture":"cs-3439131-1","phase":"update","session":"c7d06e5f-b1bb-4951-b2f5-518388d466f6","target":"78310a5f-9154-4728-b2ba-c77c35532c1b"}
  [kdenlive] <- ControlAck seq 10 audio.gain {"ok":true,"result":{"changed":true,"epoch":24,"firstSeq":10,"gainDb":2.1000000000000005,"gesture":"cs-3439131-1","lastSeq":10,"state":"applied","target":"78310a5f-9154-4728-b2ba-c77c35532c1b"},"session":"c7d06e5f-b1bb-4951-b2f5-518388d466f6"}
> wait 300
> knob3 +1
  [kdenlive] -> Control audio.gain 1 seq 11 {"epoch":24,"gesture":"cs-3439131-1","phase":"update","session":"c7d06e5f-b1bb-4951-b2f5-518388d466f6","target":"78310a5f-9154-4728-b2ba-c77c35532c1b"}
  [kdenlive] <- ControlAck seq 11 audio.gain {"ok":true,"result":{"changed":true,"epoch":24,"firstSeq":11,"gainDb":2.2000000000000006,"gesture":"cs-3439131-1","lastSeq":11,"state":"applied","target":"78310a5f-9154-4728-b2ba-c77c35532c1b"},"session":"c7d06e5f-b1bb-4951-b2f5-518388d466f6"}
> wait 300
> knob3 +1
  [kdenlive] -> Control audio.gain 1 seq 12 {"epoch":24,"gesture":"cs-3439131-1","phase":"update","session":"c7d06e5f-b1bb-4951-b2f5-518388d466f6","target":"78310a5f-9154-4728-b2ba-c77c35532c1b"}
  [kdenlive] <- ControlAck seq 12 audio.gain {"ok":true,"result":{"changed":true,"epoch":24,"firstSeq":12,"gainDb":2.3000000000000007,"gesture":"cs-3439131-1","lastSeq":12,"state":"applied","target":"78310a5f-9154-4728-b2ba-c77c35532c1b"},"session":"c7d06e5f-b1bb-4951-b2f5-518388d466f6"}
> wait 300
> knob3 -1
  [kdenlive] -> Control audio.gain -1 seq 13 {"epoch":24,"gesture":"cs-3439131-1","phase":"update","session":"c7d06e5f-b1bb-4951-b2f5-518388d466f6","target":"78310a5f-9154-4728-b2ba-c77c35532c1b"}
  [kdenlive] <- ControlAck seq 13 audio.gain {"ok":true,"result":{"changed":true,"epoch":24,"firstSeq":13,"gainDb":2.2000000000000006,"gesture":"cs-3439131-1","lastSeq":13,"state":"applied","target":"78310a5f-9154-4728-b2ba-c77c35532c1b"},"session":"c7d06e5f-b1bb-4951-b2f5-518388d466f6"}
> wait 100
> knob3 -1
  [kdenlive] -> Control audio.gain -1 seq 14 {"epoch":24,"gesture":"cs-3439131-1","phase":"update","session":"c7d06e5f-b1bb-4951-b2f5-518388d466f6","target":"78310a5f-9154-4728-b2ba-c77c35532c1b"}
  [kdenlive] <- ControlAck seq 14 audio.gain {"ok":true,"result":{"changed":true,"epoch":24,"firstSeq":14,"gainDb":2.1000000000000005,"gesture":"cs-3439131-1","lastSeq":14,"state":"applied","target":"78310a5f-9154-4728-b2ba-c77c35532c1b"},"session":"c7d06e5f-b1bb-4951-b2f5-518388d466f6"}
> wait 100
> knob3 -1
  [kdenlive] -> Control audio.gain -1 seq 15 {"epoch":24,"gesture":"cs-3439131-1","phase":"update","session":"c7d06e5f-b1bb-4951-b2f5-518388d466f6","target":"78310a5f-9154-4728-b2ba-c77c35532c1b"}
  [kdenlive] <- ControlAck seq 15 audio.gain {"ok":true,"result":{"changed":true,"epoch":24,"firstSeq":15,"gainDb":2.0000000000000004,"gesture":"cs-3439131-1","lastSeq":15,"state":"applied","target":"78310a5f-9154-4728-b2ba-c77c35532c1b"},"session":"c7d06e5f-b1bb-4951-b2f5-518388d466f6"}
> wait 100
> knob3 -1
  [kdenlive] -> Control audio.gain -1 seq 16 {"epoch":24,"gesture":"cs-3439131-1","phase":"update","session":"c7d06e5f-b1bb-4951-b2f5-518388d466f6","target":"78310a5f-9154-4728-b2ba-c77c35532c1b"}
  [kdenlive] <- ControlAck seq 16 audio.gain {"ok":true,"result":{"changed":true,"epoch":24,"firstSeq":16,"gainDb":1.9000000000000004,"gesture":"cs-3439131-1","lastSeq":16,"state":"applied","target":"78310a5f-9154-4728-b2ba-c77c35532c1b"},"session":"c7d06e5f-b1bb-4951-b2f5-518388d466f6"}
> wait 100
> knob3 -1
  [kdenlive] -> Control audio.gain -1 seq 17 {"epoch":24,"gesture":"cs-3439131-1","phase":"update","session":"c7d06e5f-b1bb-4951-b2f5-518388d466f6","target":"78310a5f-9154-4728-b2ba-c77c35532c1b"}
  [kdenlive] <- ControlAck seq 17 audio.gain {"ok":true,"result":{"changed":true,"epoch":24,"firstSeq":17,"gainDb":1.8000000000000003,"gesture":"cs-3439131-1","lastSeq":17,"state":"applied","target":"78310a5f-9154-4728-b2ba-c77c35532c1b"},"session":"c7d06e5f-b1bb-4951-b2f5-518388d466f6"}
> wait 100
> knob3 -1
  [kdenlive] -> Control audio.gain -1 seq 18 {"epoch":24,"gesture":"cs-3439131-1","phase":"update","session":"c7d06e5f-b1bb-4951-b2f5-518388d466f6","target":"78310a5f-9154-4728-b2ba-c77c35532c1b"}
  [kdenlive] <- ControlAck seq 18 audio.gain {"ok":true,"result":{"changed":true,"epoch":24,"firstSeq":18,"gainDb":1.7000000000000002,"gesture":"cs-3439131-1","lastSeq":18,"state":"applied","target":"78310a5f-9154-4728-b2ba-c77c35532c1b"},"session":"c7d06e5f-b1bb-4951-b2f5-518388d466f6"}
> wait 100
> knob3 -1
  [kdenlive] -> Control audio.gain -1 seq 19 {"epoch":24,"gesture":"cs-3439131-1","phase":"update","session":"c7d06e5f-b1bb-4951-b2f5-518388d466f6","target":"78310a5f-9154-4728-b2ba-c77c35532c1b"}
  [kdenlive] <- ControlAck seq 19 audio.gain {"ok":true,"result":{"changed":true,"epoch":24,"firstSeq":19,"gainDb":1.6,"gesture":"cs-3439131-1","lastSeq":19,"state":"applied","target":"78310a5f-9154-4728-b2ba-c77c35532c1b"},"session":"c7d06e5f-b1bb-4951-b2f5-518388d466f6"}
> wait 100
> knob3 -1
  [kdenlive] -> Control audio.gain -1 seq 20 {"epoch":24,"gesture":"cs-3439131-1","phase":"update","session":"c7d06e5f-b1bb-4951-b2f5-518388d466f6","target":"78310a5f-9154-4728-b2ba-c77c35532c1b"}
  [kdenlive] <- ControlAck seq 20 audio.gain {"ok":true,"result":{"changed":true,"epoch":24,"firstSeq":20,"gainDb":1.5,"gesture":"cs-3439131-1","lastSeq":20,"state":"applied","target":"78310a5f-9154-4728-b2ba-c77c35532c1b"},"session":"c7d06e5f-b1bb-4951-b2f5-518388d466f6"}
> wait 100
> knob3 -1
  [kdenlive] -> Control audio.gain -1 seq 21 {"epoch":24,"gesture":"cs-3439131-1","phase":"update","session":"c7d06e5f-b1bb-4951-b2f5-518388d466f6","target":"78310a5f-9154-4728-b2ba-c77c35532c1b"}
  [kdenlive] <- ControlAck seq 21 audio.gain {"ok":true,"result":{"changed":true,"epoch":24,"firstSeq":21,"gainDb":1.4,"gesture":"cs-3439131-1","lastSeq":21,"state":"applied","target":"78310a5f-9154-4728-b2ba-c77c35532c1b"},"session":"c7d06e5f-b1bb-4951-b2f5-518388d466f6"}
> wait 100
> knob3 -1
  [kdenlive] -> Control audio.gain -1 seq 22 {"epoch":24,"gesture":"cs-3439131-1","phase":"update","session":"c7d06e5f-b1bb-4951-b2f5-518388d466f6","target":"78310a5f-9154-4728-b2ba-c77c35532c1b"}
  [kdenlive] <- ControlAck seq 22 audio.gain {"ok":true,"result":{"changed":true,"epoch":24,"firstSeq":22,"gainDb":1.2999999999999998,"gesture":"cs-3439131-1","lastSeq":22,"state":"applied","target":"78310a5f-9154-4728-b2ba-c77c35532c1b"},"session":"c7d06e5f-b1bb-4951-b2f5-518388d466f6"}
> wait 100
> knob3 -1
  [kdenlive] -> Control audio.gain -1 seq 23 {"epoch":24,"gesture":"cs-3439131-1","phase":"update","session":"c7d06e5f-b1bb-4951-b2f5-518388d466f6","target":"78310a5f-9154-4728-b2ba-c77c35532c1b"}
  [kdenlive] <- ControlAck seq 23 audio.gain {"ok":true,"result":{"changed":true,"epoch":24,"firstSeq":23,"gainDb":1.1999999999999997,"gesture":"cs-3439131-1","lastSeq":23,"state":"applied","target":"78310a5f-9154-4728-b2ba-c77c35532c1b"},"session":"c7d06e5f-b1bb-4951-b2f5-518388d466f6"}
> wait 100
> knob3 -1
  [kdenlive] -> Control audio.gain -1 seq 24 {"epoch":24,"gesture":"cs-3439131-1","phase":"update","session":"c7d06e5f-b1bb-4951-b2f5-518388d466f6","target":"78310a5f-9154-4728-b2ba-c77c35532c1b"}
  [kdenlive] <- ControlAck seq 24 audio.gain {"ok":true,"result":{"changed":true,"epoch":24,"firstSeq":24,"gainDb":1.0999999999999996,"gesture":"cs-3439131-1","lastSeq":24,"state":"applied","target":"78310a5f-9154-4728-b2ba-c77c35532c1b"},"session":"c7d06e5f-b1bb-4951-b2f5-518388d466f6"}
> wait 100
> wait 900
  [kdenlive] -> Control audio.gain 0 seq 25 {"epoch":24,"gesture":"cs-3439131-1","phase":"end","session":"c7d06e5f-b1bb-4951-b2f5-518388d466f6","target":"78310a5f-9154-4728-b2ba-c77c35532c1b"}
  [kdenlive] <- ControlAck seq 25 audio.gain {"ok":true,"result":{"changed":false,"epoch":24,"firstSeq":25,"gesture":"cs-3439131-1","lastSeq":25,"state":"applied","target":"78310a5f-9154-4728-b2ba-c77c35532c1b"},"session":"c7d06e5f-b1bb-4951-b2f5-518388d466f6"}
> expect no-refusal
  EXPECT ok: no refusal (none)
> expect no-keys
  EXPECT ok: no keyboard fallback (taps: none)
